16:57:22.004 [a5fb5016-e562-4f5c-bb6f-839adfaf2498] DEBUG c.g.c.c.c.WorkloadServiceClient - [WorkloadServiceClient#addWorkloadEvent] ---> POST http://trainers-workload-service/api/v1/trainers-workload HTTP/1.1
16:57:22.004 [a5fb5016-e562-4f5c-bb6f-839adfaf2498] DEBUG c.g.c.c.c.WorkloadServiceClient - [WorkloadServiceClient#addWorkloadEvent] Authorization: Bearer eyJhbGciOiJIUzI1NiJ9.eyJzdWIiOiJjb3JlLXNlcnZpY2UiLCJpYXQiOjE3NTc1MTI2NDIsImV4cCI6MTc1NzUxMjk0Mn0.0mU870GdSwfWq9_tqbzFv7prgiO9VXJutcT00EpdDBQ
16:57:22.004 [a5fb5016-e562-4f5c-bb6f-839adfaf2498] DEBUG c.g.c.c.c.WorkloadServiceClient - [WorkloadServiceClient#addWorkloadEvent] Content-Length: 171
16:57:22.004 [a5fb5016-e562-4f5c-bb6f-839adfaf2498] DEBUG c.g.c.c.c.WorkloadServiceClient - [WorkloadServiceClient#addWorkloadEvent] Content-Type: application/json
16:57:22.005 [a5fb5016-e562-4f5c-bb6f-839adfaf2498] DEBUG c.g.c.c.c.WorkloadServiceClient - [WorkloadServiceClient#addWorkloadEvent] X-Transaction-Id: a5fb5016-e562-4f5c-bb6f-839adfaf2498
16:57:22.005 [a5fb5016-e562-4f5c-bb6f-839adfaf2498] DEBUG c.g.c.c.c.WorkloadServiceClient - [WorkloadServiceClient#addWorkloadEvent] 
16:57:22.005 [a5fb5016-e562-4f5c-bb6f-839adfaf2498] DEBUG c.g.c.c.c.WorkloadServiceClient - [WorkloadServiceClient#addWorkloadEvent] {"username":"arnold.schwarzenegger","firstName":"Arnold","lastName":"Schwarzenegger","isActive":true,"trainingDate":"2025-07-27","trainingDuration":120,"actionType":"ADD"}
16:57:22.005 [a5fb5016-e562-4f5c-bb6f-839adfaf2498] DEBUG c.g.c.c.c.WorkloadServiceClient - [WorkloadServiceClient#addWorkloadEvent] ---> END HTTP (171-byte body)
16:57:22.238 [a5fb5016-e562-4f5c-bb6f-839adfaf2498] DEBUG c.g.c.c.c.WorkloadServiceClient - [WorkloadServiceClient#addWorkloadEvent] <--- HTTP/1.1 200 (232ms)
16:57:22.238 [a5fb5016-e562-4f5c-bb6f-839adfaf2498] DEBUG c.g.c.c.c.WorkloadServiceClient - [WorkloadServiceClient#addWorkloadEvent] cache-control: no-cache, no-store, max-age=0, must-revalidate
16:57:22.238 [a5fb5016-e562-4f5c-bb6f-839adfaf2498] DEBUG c.g.c.c.c.WorkloadServiceClient - [WorkloadServiceClient#addWorkloadEvent] connection: keep-alive
16:57:22.238 [a5fb5016-e562-4f5c-bb6f-839adfaf2498] DEBUG c.g.c.c.c.WorkloadServiceClient - [WorkloadServiceClient#addWorkloadEvent] content-length: 0
16:57:22.238 [a5fb5016-e562-4f5c-bb6f-839adfaf2498] DEBUG c.g.c.c.c.WorkloadServiceClient - [WorkloadServiceClient#addWorkloadEvent] date: Wed, 10 Sep 2025 13:57:22 GMT
16:57:22.238 [a5fb5016-e562-4f5c-bb6f-839adfaf2498] DEBUG c.g.c.c.c.WorkloadServiceClient - [WorkloadServiceClient#addWorkloadEvent] expires: 0
16:57:22.238 [a5fb5016-e562-4f5c-bb6f-839adfaf2498] DEBUG c.g.c.c.c.WorkloadServiceClient - [WorkloadServiceClient#addWorkloadEvent] keep-alive: timeout=60
16:57:22.238 [a5fb5016-e562-4f5c-bb6f-839adfaf2498] DEBUG c.g.c.c.c.WorkloadServiceClient - [WorkloadServiceClient#addWorkloadEvent] pragma: no-cache
16:57:22.238 [a5fb5016-e562-4f5c-bb6f-839adfaf2498] DEBUG c.g.c.c.c.WorkloadServiceClient - [WorkloadServiceClient#addWorkloadEvent] x-content-type-options: nosniff
16:57:22.238 [a5fb5016-e562-4f5c-bb6f-839adfaf2498] DEBUG c.g.c.c.c.WorkloadServiceClient - [WorkloadServiceClient#addWorkloadEvent] x-frame-options: SAMEORIGIN
16:57:22.238 [a5fb5016-e562-4f5c-bb6f-839adfaf2498] DEBUG c.g.c.c.c.WorkloadServiceClient - [WorkloadServiceClient#addWorkloadEvent] x-transaction-id: a5fb5016-e562-4f5c-bb6f-839adfaf2498
16:57:22.238 [a5fb5016-e562-4f5c-bb6f-839adfaf2498] DEBUG c.g.c.c.c.WorkloadServiceClient - [WorkloadServiceClient#addWorkloadEvent] x-xss-protection: 0
16:57:22.238 [a5fb5016-e562-4f5c-bb6f-839adfaf2498] DEBUG c.g.c.c.c.WorkloadServiceClient - [WorkloadServiceClient#addWorkloadEvent] 
16:57:22.238 [a5fb5016-e562-4f5c-bb6f-839adfaf2498] DEBUG c.g.c.c.c.WorkloadServiceClient - [WorkloadServiceClient#addWorkloadEvent] <--- END HTTP (0-byte body)
16:57:58.015 [b01c6b03-d4c7-4c29-b753-5e75f6e059f9] DEBUG c.g.c.c.c.WorkloadServiceClient - [WorkloadServiceClient#addWorkloadEvent] ---> POST http://trainers-workload-service/api/v1/trainers-workload HTTP/1.1
16:57:58.015 [b01c6b03-d4c7-4c29-b753-5e75f6e059f9] DEBUG c.g.c.c.c.WorkloadServiceClient - [WorkloadServiceClient#addWorkloadEvent] Authorization: Bearer eyJhbGciOiJIUzI1NiJ9.eyJzdWIiOiJjb3JlLXNlcnZpY2UiLCJpYXQiOjE3NTc1MTI2NzgsImV4cCI6MTc1NzUxMjk3OH0.YA6sF1PPjcBdn0nIp61b9An6y-v2x7qUTGOcv1hBcxA
16:57:58.015 [b01c6b03-d4c7-4c29-b753-5e75f6e059f9] DEBUG c.g.c.c.c.WorkloadServiceClient - [WorkloadServiceClient#addWorkloadEvent] Content-Length: 171
16:57:58.015 [b01c6b03-d4c7-4c29-b753-5e75f6e059f9] DEBUG c.g.c.c.c.WorkloadServiceClient - [WorkloadServiceClient#addWorkloadEvent] Content-Type: application/json
16:57:58.015 [b01c6b03-d4c7-4c29-b753-5e75f6e059f9] DEBUG c.g.c.c.c.WorkloadServiceClient - [WorkloadServiceClient#addWorkloadEvent] X-Transaction-Id: b01c6b03-d4c7-4c29-b753-5e75f6e059f9
16:57:58.015 [b01c6b03-d4c7-4c29-b753-5e75f6e059f9] DEBUG c.g.c.c.c.WorkloadServiceClient - [WorkloadServiceClient#addWorkloadEvent] 
16:57:58.015 [b01c6b03-d4c7-4c29-b753-5e75f6e059f9] DEBUG c.g.c.c.c.WorkloadServiceClient - [WorkloadServiceClient#addWorkloadEvent] {"username":"arnold.schwarzenegger","firstName":"Arnold","lastName":"Schwarzenegger","isActive":true,"trainingDate":"2025-07-27","trainingDuration":120,"actionType":"ADD"}
16:57:58.015 [b01c6b03-d4c7-4c29-b753-5e75f6e059f9] DEBUG c.g.c.c.c.WorkloadServiceClient - [WorkloadServiceClient#addWorkloadEvent] ---> END HTTP (171-byte body)
16:57:58.043 [b01c6b03-d4c7-4c29-b753-5e75f6e059f9] DEBUG c.g.c.c.c.WorkloadServiceClient - [WorkloadServiceClient#addWorkloadEvent] <--- HTTP/1.1 200 (28ms)
16:57:58.044 [b01c6b03-d4c7-4c29-b753-5e75f6e059f9] DEBUG c.g.c.c.c.WorkloadServiceClient - [WorkloadServiceClient#addWorkloadEvent] cache-control: no-cache, no-store, max-age=0, must-revalidate
16:57:58.044 [b01c6b03-d4c7-4c29-b753-5e75f6e059f9] DEBUG c.g.c.c.c.WorkloadServiceClient - [WorkloadServiceClient#addWorkloadEvent] connection: keep-alive
16:57:58.044 [b01c6b03-d4c7-4c29-b753-5e75f6e059f9] DEBUG c.g.c.c.c.WorkloadServiceClient - [WorkloadServiceClient#addWorkloadEvent] content-length: 0
16:57:58.044 [b01c6b03-d4c7-4c29-b753-5e75f6e059f9] DEBUG c.g.c.c.c.WorkloadServiceClient - [WorkloadServiceClient#addWorkloadEvent] date: Wed, 10 Sep 2025 13:57:58 GMT
16:57:58.044 [b01c6b03-d4c7-4c29-b753-5e75f6e059f9] DEBUG c.g.c.c.c.WorkloadServiceClient - [WorkloadServiceClient#addWorkloadEvent] expires: 0
16:57:58.044 [b01c6b03-d4c7-4c29-b753-5e75f6e059f9] DEBUG c.g.c.c.c.WorkloadServiceClient - [WorkloadServiceClient#addWorkloadEvent] keep-alive: timeout=60
16:57:58.044 [b01c6b03-d4c7-4c29-b753-5e75f6e059f9] DEBUG c.g.c.c.c.WorkloadServiceClient - [WorkloadServiceClient#addWorkloadEvent] pragma: no-cache
16:57:58.044 [b01c6b03-d4c7-4c29-b753-5e75f6e059f9] DEBUG c.g.c.c.c.WorkloadServiceClient - [WorkloadServiceClient#addWorkloadEvent] x-content-type-options: nosniff
16:57:58.044 [b01c6b03-d4c7-4c29-b753-5e75f6e059f9] DEBUG c.g.c.c.c.WorkloadServiceClient - [WorkloadServiceClient#addWorkloadEvent] x-frame-options: SAMEORIGIN
16:57:58.044 [b01c6b03-d4c7-4c29-b753-5e75f6e059f9] DEBUG c.g.c.c.c.WorkloadServiceClient - [WorkloadServiceClient#addWorkloadEvent] x-transaction-id: b01c6b03-d4c7-4c29-b753-5e75f6e059f9
16:57:58.044 [b01c6b03-d4c7-4c29-b753-5e75f6e059f9] DEBUG c.g.c.c.c.WorkloadServiceClient - [WorkloadServiceClient#addWorkloadEvent] x-xss-protection: 0
16:57:58.044 [b01c6b03-d4c7-4c29-b753-5e75f6e059f9] DEBUG c.g.c.c.c.WorkloadServiceClient - [WorkloadServiceClient#addWorkloadEvent] 
16:57:58.044 [b01c6b03-d4c7-4c29-b753-5e75f6e059f9] DEBUG c.g.c.c.c.WorkloadServiceClient - [WorkloadServiceClient#addWorkloadEvent] <--- END HTTP (0-byte body)
16:58:05.667 [5d73c04e-7e07-419c-837e-5ff4dc251ff0] DEBUG c.g.c.c.c.WorkloadServiceClient - [WorkloadServiceClient#addWorkloadEvent] ---> POST http://trainers-workload-service/api/v1/trainers-workload HTTP/1.1
16:58:05.667 [5d73c04e-7e07-419c-837e-5ff4dc251ff0] DEBUG c.g.c.c.c.WorkloadServiceClient - [WorkloadServiceClient#addWorkloadEvent] Authorization: Bearer eyJhbGciOiJIUzI1NiJ9.eyJzdWIiOiJjb3JlLXNlcnZpY2UiLCJpYXQiOjE3NTc1MTI2ODUsImV4cCI6MTc1NzUxMjk4NX0.trV8UOmttYcx4i3g1G6D20fVd2iElF_1RxvDzyeEnw4
16:58:05.667 [5d73c04e-7e07-419c-837e-5ff4dc251ff0] DEBUG c.g.c.c.c.WorkloadServiceClient - [WorkloadServiceClient#addWorkloadEvent] Content-Length: 171
16:58:05.667 [5d73c04e-7e07-419c-837e-5ff4dc251ff0] DEBUG c.g.c.c.c.WorkloadServiceClient - [WorkloadServiceClient#addWorkloadEvent] Content-Type: application/json
16:58:05.667 [5d73c04e-7e07-419c-837e-5ff4dc251ff0] DEBUG c.g.c.c.c.WorkloadServiceClient - [WorkloadServiceClient#addWorkloadEvent] X-Transaction-Id: 5d73c04e-7e07-419c-837e-5ff4dc251ff0
16:58:05.667 [5d73c04e-7e07-419c-837e-5ff4dc251ff0] DEBUG c.g.c.c.c.WorkloadServiceClient - [WorkloadServiceClient#addWorkloadEvent] 
16:58:05.667 [5d73c04e-7e07-419c-837e-5ff4dc251ff0] DEBUG c.g.c.c.c.WorkloadServiceClient - [WorkloadServiceClient#addWorkloadEvent] {"username":"arnold.schwarzenegger","firstName":"Arnold","lastName":"Schwarzenegger","isActive":true,"trainingDate":"2025-07-27","trainingDuration":120,"actionType":"ADD"}
16:58:05.667 [5d73c04e-7e07-419c-837e-5ff4dc251ff0] DEBUG c.g.c.c.c.WorkloadServiceClient - [WorkloadServiceClient#addWorkloadEvent] ---> END HTTP (171-byte body)
16:58:05.686 [5d73c04e-7e07-419c-837e-5ff4dc251ff0] DEBUG c.g.c.c.c.WorkloadServiceClient - [WorkloadServiceClient#addWorkloadEvent] <--- HTTP/1.1 200 (20ms)
16:58:05.686 [5d73c04e-7e07-419c-837e-5ff4dc251ff0] DEBUG c.g.c.c.c.WorkloadServiceClient - [WorkloadServiceClient#addWorkloadEvent] cache-control: no-cache, no-store, max-age=0, must-revalidate
16:58:05.686 [5d73c04e-7e07-419c-837e-5ff4dc251ff0] DEBUG c.g.c.c.c.WorkloadServiceClient - [WorkloadServiceClient#addWorkloadEvent] connection: keep-alive
16:58:05.686 [5d73c04e-7e07-419c-837e-5ff4dc251ff0] DEBUG c.g.c.c.c.WorkloadServiceClient - [WorkloadServiceClient#addWorkloadEvent] content-length: 0
16:58:05.686 [5d73c04e-7e07-419c-837e-5ff4dc251ff0] DEBUG c.g.c.c.c.WorkloadServiceClient - [WorkloadServiceClient#addWorkloadEvent] date: Wed, 10 Sep 2025 13:58:05 GMT
16:58:05.686 [5d73c04e-7e07-419c-837e-5ff4dc251ff0] DEBUG c.g.c.c.c.WorkloadServiceClient - [WorkloadServiceClient#addWorkloadEvent] expires: 0
16:58:05.686 [5d73c04e-7e07-419c-837e-5ff4dc251ff0] DEBUG c.g.c.c.c.WorkloadServiceClient - [WorkloadServiceClient#addWorkloadEvent] keep-alive: timeout=60
16:58:05.686 [5d73c04e-7e07-419c-837e-5ff4dc251ff0] DEBUG c.g.c.c.c.WorkloadServiceClient - [WorkloadServiceClient#addWorkloadEvent] pragma: no-cache
16:58:05.686 [5d73c04e-7e07-419c-837e-5ff4dc251ff0] DEBUG c.g.c.c.c.WorkloadServiceClient - [WorkloadServiceClient#addWorkloadEvent] x-content-type-options: nosniff
16:58:05.686 [5d73c04e-7e07-419c-837e-5ff4dc251ff0] DEBUG c.g.c.c.c.WorkloadServiceClient - [WorkloadServiceClient#addWorkloadEvent] x-frame-options: SAMEORIGIN
16:58:05.686 [5d73c04e-7e07-419c-837e-5ff4dc251ff0] DEBUG c.g.c.c.c.WorkloadServiceClient - [WorkloadServiceClient#addWorkloadEvent] x-transaction-id: 5d73c04e-7e07-419c-837e-5ff4dc251ff0
16:58:05.686 [5d73c04e-7e07-419c-837e-5ff4dc251ff0] DEBUG c.g.c.c.c.WorkloadServiceClient - [WorkloadServiceClient#addWorkloadEvent] x-xss-protection: 0
16:58:05.686 [5d73c04e-7e07-419c-837e-5ff4dc251ff0] DEBUG c.g.c.c.c.WorkloadServiceClient - [WorkloadServiceClient#addWorkloadEvent] 
16:58:05.686 [5d73c04e-7e07-419c-837e-5ff4dc251ff0] DEBUG c.g.c.c.c.WorkloadServiceClient - [WorkloadServiceClient#addWorkloadEvent] <--- END HTTP (0-byte body)
16:58:22.875 [4fb28a45-8e29-45e4-a9fb-28d80dc2a5a6] DEBUG c.g.c.c.c.WorkloadServiceClient - [WorkloadServiceClient#addWorkloadEvent] ---> POST http://trainers-workload-service/api/v1/trainers-workload HTTP/1.1
16:58:22.875 [4fb28a45-8e29-45e4-a9fb-28d80dc2a5a6] DEBUG c.g.c.c.c.WorkloadServiceClient - [WorkloadServiceClient#addWorkloadEvent] Authorization: Bearer eyJhbGciOiJIUzI1NiJ9.eyJzdWIiOiJjb3JlLXNlcnZpY2UiLCJpYXQiOjE3NTc1MTI3MDIsImV4cCI6MTc1NzUxMzAwMn0.k4I0INVDFG82romxhUshRtGbsm4Ial6vA62RuzuPsLo
16:58:22.875 [4fb28a45-8e29-45e4-a9fb-28d80dc2a5a6] DEBUG c.g.c.c.c.WorkloadServiceClient - [WorkloadServiceClient#addWorkloadEvent] Content-Length: 171
16:58:22.875 [4fb28a45-8e29-45e4-a9fb-28d80dc2a5a6] DEBUG c.g.c.c.c.WorkloadServiceClient - [WorkloadServiceClient#addWorkloadEvent] Content-Type: application/json
16:58:22.875 [4fb28a45-8e29-45e4-a9fb-28d80dc2a5a6] DEBUG c.g.c.c.c.WorkloadServiceClient - [WorkloadServiceClient#addWorkloadEvent] X-Transaction-Id: 4fb28a45-8e29-45e4-a9fb-28d80dc2a5a6
16:58:22.875 [4fb28a45-8e29-45e4-a9fb-28d80dc2a5a6] DEBUG c.g.c.c.c.WorkloadServiceClient - [WorkloadServiceClient#addWorkloadEvent] 
16:58:22.875 [4fb28a45-8e29-45e4-a9fb-28d80dc2a5a6] DEBUG c.g.c.c.c.WorkloadServiceClient - [WorkloadServiceClient#addWorkloadEvent] {"username":"arnold.schwarzenegger","firstName":"Arnold","lastName":"Schwarzenegger","isActive":true,"trainingDate":"2025-07-27","trainingDuration":120,"actionType":"ADD"}
16:58:22.875 [4fb28a45-8e29-45e4-a9fb-28d80dc2a5a6] DEBUG c.g.c.c.c.WorkloadServiceClient - [WorkloadServiceClient#addWorkloadEvent] ---> END HTTP (171-byte body)
16:58:22.894 [4fb28a45-8e29-45e4-a9fb-28d80dc2a5a6] DEBUG c.g.c.c.c.WorkloadServiceClient - [WorkloadServiceClient#addWorkloadEvent] <--- HTTP/1.1 200 (20ms)
16:58:22.894 [4fb28a45-8e29-45e4-a9fb-28d80dc2a5a6] DEBUG c.g.c.c.c.WorkloadServiceClient - [WorkloadServiceClient#addWorkloadEvent] cache-control: no-cache, no-store, max-age=0, must-revalidate
16:58:22.894 [4fb28a45-8e29-45e4-a9fb-28d80dc2a5a6] DEBUG c.g.c.c.c.WorkloadServiceClient - [WorkloadServiceClient#addWorkloadEvent] connection: keep-alive
16:58:22.894 [4fb28a45-8e29-45e4-a9fb-28d80dc2a5a6] DEBUG c.g.c.c.c.WorkloadServiceClient - [WorkloadServiceClient#addWorkloadEvent] content-length: 0
16:58:22.894 [4fb28a45-8e29-45e4-a9fb-28d80dc2a5a6] DEBUG c.g.c.c.c.WorkloadServiceClient - [WorkloadServiceClient#addWorkloadEvent] date: Wed, 10 Sep 2025 13:58:22 GMT
16:58:22.894 [4fb28a45-8e29-45e4-a9fb-28d80dc2a5a6] DEBUG c.g.c.c.c.WorkloadServiceClient - [WorkloadServiceClient#addWorkloadEvent] expires: 0
16:58:22.894 [4fb28a45-8e29-45e4-a9fb-28d80dc2a5a6] DEBUG c.g.c.c.c.WorkloadServiceClient - [WorkloadServiceClient#addWorkloadEvent] keep-alive: timeout=60
16:58:22.894 [4fb28a45-8e29-45e4-a9fb-28d80dc2a5a6] DEBUG c.g.c.c.c.WorkloadServiceClient - [WorkloadServiceClient#addWorkloadEvent] pragma: no-cache
16:58:22.894 [4fb28a45-8e29-45e4-a9fb-28d80dc2a5a6] DEBUG c.g.c.c.c.WorkloadServiceClient - [WorkloadServiceClient#addWorkloadEvent] x-content-type-options: nosniff
16:58:22.894 [4fb28a45-8e29-45e4-a9fb-28d80dc2a5a6] DEBUG c.g.c.c.c.WorkloadServiceClient - [WorkloadServiceClient#addWorkloadEvent] x-frame-options: SAMEORIGIN
16:58:22.894 [4fb28a45-8e29-45e4-a9fb-28d80dc2a5a6] DEBUG c.g.c.c.c.WorkloadServiceClient - [WorkloadServiceClient#addWorkloadEvent] x-transaction-id: 4fb28a45-8e29-45e4-a9fb-28d80dc2a5a6
16:58:22.894 [4fb28a45-8e29-45e4-a9fb-28d80dc2a5a6] DEBUG c.g.c.c.c.WorkloadServiceClient - [WorkloadServiceClient#addWorkloadEvent] x-xss-protection: 0
16:58:22.895 [4fb28a45-8e29-45e4-a9fb-28d80dc2a5a6] DEBUG c.g.c.c.c.WorkloadServiceClient - [WorkloadServiceClient#addWorkloadEvent] 
16:58:22.895 [4fb28a45-8e29-45e4-a9fb-28d80dc2a5a6] DEBUG c.g.c.c.c.WorkloadServiceClient - [WorkloadServiceClient#addWorkloadEvent] <--- END HTTP (0-byte body)
23:22:39.954 [e10b2e51-b618-44a5-b89b-5c372899d5ce] INFO  c.g.c.c.i.w.c.MessageSender - Sending message with request: WorkloadEventRequest[username=arnold.schwarzenegger, firstName=Arnold, lastName=Schwarzenegger, isActive=true, trainingDate=2025-07-27, trainingDuration=120, actionType=ADD]  to workload service with ID: 35ea79b1-ccf5-48bd-ba23-fc2eacec7c10
23:22:53.201 [4884d9ae-172a-4e43-97fc-efa3846484ae] INFO  c.g.c.c.i.w.c.MessageSender - Sending message with request: WorkloadEventRequest[username=arnold.schwarzenegger, firstName=Arnold, lastName=Schwarzenegger, isActive=true, trainingDate=2025-07-27, trainingDuration=120, actionType=ADD]  to workload service with ID: e7d4a38a-5ea8-4577-aa39-2550287727e1
23:22:54.673 [a22d7440-41d8-47bb-b6a5-11ec8b6fe930] INFO  c.g.c.c.i.w.c.MessageSender - Sending message with request: WorkloadEventRequest[username=arnold.schwarzenegger, firstName=Arnold, lastName=Schwarzenegger, isActive=true, trainingDate=2025-07-27, trainingDuration=120, actionType=ADD]  to workload service with ID: ed8a0653-f61a-4e64-abaa-4e570d4eb6e0
23:23:55.803 [7e298670-58c3-4c22-9379-12f464e6e321] INFO  c.g.c.c.i.w.c.MessageSender - Sending message with request: WorkloadEventRequest[username=arnold.schwarzenegger, firstName=Arnold, lastName=Schwarzenegger, isActive=true, trainingDate=2025-07-27, trainingDuration=120, actionType=ADD]  to workload service with ID: 43ba1d33-5a04-4180-9cad-f672137e1769
23:24:23.423 [de330b76-f00e-4a5c-8dd2-fcc9dc84c5e2] INFO  c.g.c.c.i.w.c.MessageSender - Sending message with request: WorkloadEventRequest[username=arnold.schwarzenegger, firstName=Arnold, lastName=Schwarzenegger, isActive=true, trainingDate=2025-07-27, trainingDuration=120, actionType=ADD]  to workload service with ID: a1bd1389-ad68-4869-a7b9-2dc37cefa94a
23:26:16.037 [fac2a93b-3059-4644-84f5-dac28cca68dd] INFO  c.g.c.c.i.w.c.MessageSender - Sending message with request: WorkloadEventRequest[username=arnold.schwarzenegger, firstName=Arnold, lastName=Schwarzenegger, isActive=true, trainingDate=2025-07-27, trainingDuration=120, actionType=ADD]  to workload service with ID: dd3021dc-c0f1-4dd4-a52f-3ed71a5da6e7
23:26:49.826 [47e7b1cf-3492-4843-b866-8ae249833cc2] INFO  c.g.c.c.i.w.c.MessageSender - Sending message with request: WorkloadEventRequest[username=arnold.schwarzenegger, firstName=Arnold, lastName=Schwarzenegger, isActive=true, trainingDate=2025-07-27, trainingDuration=120, actionType=ADD]  to workload service with ID: 1cf2c72c-af46-4dcb-a12b-695135baf62f
23:27:55.531 [edd02a8b-d91f-4306-bf84-c0338e14953e] INFO  c.g.c.c.i.w.c.MessageSender - Sending message with request: WorkloadEventRequest[username=arnold.schwarzenegger, firstName=Arnold, lastName=Schwarzenegger, isActive=true, trainingDate=2025-07-27, trainingDuration=120, actionType=ADD]  to workload service with ID: a622229c-4fc5-4ffd-99a7-42ec81fc91f6
23:31:20.711 [bcb62c47-8d93-476e-b178-a8113cc25065] INFO  c.g.c.c.i.w.c.MessageSender - Sending message with request: WorkloadEventRequest[username=arnold.schwarzenegger, firstName=Arnold, lastName=Schwarzenegger, isActive=true, trainingDate=2025-07-27, trainingDuration=120, actionType=ADD]  to workload service with ID: a245c1da-a68b-4c93-9e3b-1c54b26aaa80
23:37:01.392 [47f81269-1ab4-4db2-8c44-471898c035b6] INFO  c.g.c.c.i.w.c.MessageSender - Sending message with request: WorkloadEventRequest[username=arnold.schwarzenegger, firstName=Arnold, lastName=Schwarzenegger, isActive=true, trainingDate=2025-07-27, trainingDuration=120, actionType=ADD]  to workload service with ID: 259dcc0b-e4e4-4f0e-a0dd-cb88f7613885
23:40:24.030 [4b42dbc3-c537-4fa4-82f5-90fa93693ef4] INFO  c.g.c.c.i.w.c.MessageSender - Sending message with request: WorkloadEventRequest[username=arnold.schwarzenegger, firstName=Arnold, lastName=Schwarzenegger, isActive=true, trainingDate=2025-07-27, trainingDuration=120, actionType=ADD]  to workload service with ID: 3977f093-0053-4a6a-b526-8d79ae1b54b3
23:41:07.118 [86aa3f3f-c4b2-4f1c-9388-14cf60fa9281] INFO  c.g.c.c.i.w.c.MessageSender - Sending message with request: WorkloadEventRequest[username=arnold.schwarzenegger, firstName=Arnold, lastName=Schwarzenegger, isActive=true, trainingDate=2025-07-27, trainingDuration=120, actionType=ADD]  to workload service with ID: 2c3f880d-8faf-49cd-9fd4-64d77012958b
23:41:27.092 [19a902e9-c278-4ade-a33c-e98415aee671] INFO  c.g.c.c.i.w.c.MessageSender - Sending message with request: WorkloadEventRequest[username=arnold.schwarzenegger, firstName=Arnold, lastName=Schwarzenegger, isActive=true, trainingDate=2025-07-27, trainingDuration=120, actionType=ADD]  to workload service with ID: a1e1610d-901a-4e03-a471-0605196b1fd4
21:42:57.079 [6e9b86c2-97c6-4542-b575-8e6118240196] INFO  c.g.c.c.i.w.c.MessageSender - Sending message with request: WorkloadEventRequest[username=arnold.schwarzenegger, firstName=Arnold, lastName=Schwarzenegger, isActive=true, trainingDate=2025-07-27, trainingDuration=120, actionType=ADD]  to workload service with ID: 06a11bba-581f-4349-bf5d-c5b1d77cfab4
21:43:07.458 [cd035194-4e24-47a0-902e-418df28c61fd] INFO  c.g.c.c.i.w.c.MessageSender - Sending message with request: WorkloadEventRequest[username=arnold.schwarzenegger, firstName=Arnold, lastName=Schwarzenegger, isActive=true, trainingDate=2025-07-27, trainingDuration=120, actionType=ADD]  to workload service with ID: ed4f5fba-58a2-4182-bae5-ff96792eaba9
21:53:20.780 [63adf06d-67f6-46b7-8ef5-10d1d64295e1] INFO  c.g.c.c.i.w.c.MessageSender - Sending message with request: WorkloadEventRequest[username=arnold.schwarzenegger, firstName=Arnold, lastName=Schwarzenegger, isActive=true, trainingDate=2025-07-27, trainingDuration=120, actionType=ADD]  to workload service with ID: 01e7e870-bbaf-467f-9395-d715f4268b6c
21:53:26.425 [3d634a29-8786-4f32-91e8-1479b6da3e71] INFO  c.g.c.c.i.w.c.MessageSender - Sending message with request: WorkloadEventRequest[username=arnold.schwarzenegger, firstName=Arnold, lastName=Schwarzenegger, isActive=true, trainingDate=2025-07-27, trainingDuration=120, actionType=ADD]  to workload service with ID: 52f1d482-4aa5-4d1a-be9c-f9323dcedc46
21:53:30.764 [8f085179-36b0-4f18-adee-496c9871e81a] INFO  c.g.c.c.i.w.c.MessageSender - Sending message with request: WorkloadEventRequest[username=arnold.schwarzenegger, firstName=Arnold, lastName=Schwarzenegger, isActive=true, trainingDate=2025-07-27, trainingDuration=120, actionType=ADD]  to workload service with ID: df052fc9-9de4-4cdc-b54c-3f6370b1970d
21:54:38.224 [3dca5cca-730f-4862-bd42-25c9a0e70a5f] INFO  c.g.c.c.i.w.c.MessageSender - Sending message with request: WorkloadEventRequest[username=arnold.schwarzenegger, firstName=Arnold, lastName=Schwarzenegger, isActive=true, trainingDate=2025-07-27, trainingDuration=120, actionType=ADD]  to workload service with ID: f613f342-a44f-48ea-9714-ea76ee1165ad
21:55:29.253 [92fff5a3-ce47-456e-b45a-e2e40770233d] INFO  c.g.c.c.i.w.c.MessageSender - Sending message with request: WorkloadEventRequest[username=arnold.schwarzenegger, firstName=Arnold, lastName=Schwarzenegger, isActive=true, trainingDate=2025-07-27, trainingDuration=120, actionType=ADD]  to workload service with ID: eca7cc76-e36b-45f5-b441-da077aa387d4
22:07:21.088 [580f7667-93c0-4321-a354-92a88749b7b7] INFO  c.g.c.c.i.w.c.MessageSender - Sending message with request: WorkloadEventRequest[username=arnold.schwarzenegger, firstName=Arnold, lastName=Schwarzenegger, isActive=true, trainingDate=2025-07-27, trainingDuration=120, actionType=ADD]  to workload service with ID: f820804c-562e-4aa0-8998-871e8cb04429
22:07:37.807 [e8b6e74b-e65a-461c-b67f-f9bbc395ac07] INFO  c.g.c.c.i.w.c.MessageSender - Sending message with request: WorkloadEventRequest[username=arnold.schwarzenegger, firstName=Arnold, lastName=Schwarzenegger, isActive=true, trainingDate=2025-07-27, trainingDuration=120, actionType=ADD]  to workload service with ID: 6989d89d-b607-4a22-aa2c-8821cd54d54b
22:14:03.312 [2c8a48b2-3c11-454d-befd-c20320565c7e] INFO  c.g.c.c.i.w.c.MessageSender - Sending message with request: WorkloadEventRequest[username=arnold.schwarzenegger, firstName=Arnold, lastName=Schwarzenegger, isActive=true, trainingDate=2025-07-27, trainingDuration=120, actionType=ADD]  to workload service with ID: 3574a976-3b6d-42c8-8558-3831f7d0bc5a
22:14:04.602 [a1efeb1d-74e7-4497-8710-890aaa24d1d1] INFO  c.g.c.c.i.w.c.MessageSender - Sending message with request: WorkloadEventRequest[username=arnold.schwarzenegger, firstName=Arnold, lastName=Schwarzenegger, isActive=true, trainingDate=2025-07-27, trainingDuration=120, actionType=ADD]  to workload service with ID: b1583aff-909f-497f-9126-2f09cb261a70
22:14:05.407 [1d9a5ffc-4f9a-44e4-9b8d-9c05e5ea36d9] INFO  c.g.c.c.i.w.c.MessageSender - Sending message with request: WorkloadEventRequest[username=arnold.schwarzenegger, firstName=Arnold, lastName=Schwarzenegger, isActive=true, trainingDate=2025-07-27, trainingDuration=120, actionType=ADD]  to workload service with ID: 4ce982d1-d34d-4818-b05a-dc18a35fc70e
22:16:33.051 [412bd41a-bed2-4197-a60a-a2fe35c07a79] INFO  c.g.c.c.i.w.c.MessageSender - Sending message with request: WorkloadEventRequest[username=arnold.schwarzenegger, firstName=Arnold, lastName=Schwarzenegger, isActive=true, trainingDate=2025-07-27, trainingDuration=120, actionType=ADD]  to workload service with ID: b4a91562-b6e0-4940-b9f2-25be5720c5af
22:19:17.826 [e6b5c8de-f51a-41eb-b24c-0f09e7b7b529] INFO  c.g.c.c.i.w.c.MessageSender - Sending message with request: WorkloadEventRequest[username=arnold.schwarzenegger, firstName=Arnold, lastName=Schwarzenegger, isActive=null, trainingDate=2025-07-27, trainingDuration=120, actionType=ADD]  to workload service with ID: fc6889a7-2c67-4b7f-862f-8e31b1fae926
22:20:08.742 [39ecf19d-8305-4d4f-9211-db49927d0130] INFO  c.g.c.c.i.w.c.MessageSender - Sending message with request: WorkloadEventRequest[username=arnold.schwarzenegger, firstName=Arnold, lastName=Schwarzenegger, isActive=null, trainingDate=2025-07-27, trainingDuration=120, actionType=ADD]  to workload service with ID: d3a6a196-f959-4aea-83fe-073a5176b1f3
22:20:11.966 [45d036a3-daf5-4ef6-800d-70ab742efa82] INFO  c.g.c.c.i.w.c.MessageSender - Sending message with request: WorkloadEventRequest[username=arnold.schwarzenegger, firstName=Arnold, lastName=Schwarzenegger, isActive=null, trainingDate=2025-07-27, trainingDuration=120, actionType=ADD]  to workload service with ID: ce77ec8f-fe5d-4846-a282-58f40c9f0699
22:26:45.361 [baec2348-43c1-4e89-b2f0-c840d94a35de] INFO  c.g.c.c.i.w.c.MessageSender - Sending message with request: WorkloadEventRequest[username=arnold.schwarzenegger, firstName=Arnold, lastName=Schwarzenegger, isActive=null, trainingDate=2025-07-27, trainingDuration=120, actionType=ADD]  to workload service with ID: 0fcf7446-f861-4b37-b928-7f80e51cb356
22:30:20.532 [f5c5b482-cc08-4685-b58a-0bfd38763acf] INFO  c.g.c.c.i.w.c.MessageSender - Sending message with request: WorkloadEventRequest[username=arnold.schwarzenegger, firstName=Arnold, lastName=Schwarzenegger, isActive=null, trainingDate=2025-07-27, trainingDuration=120, actionType=ADD]  to workload service with ID: 3dc9d000-8ba7-4de9-8dc6-3ba20837e20d
22:30:21.979 [315c76a7-36ef-44bb-b8fe-dea12fc867f8] INFO  c.g.c.c.i.w.c.MessageSender - Sending message with request: WorkloadEventRequest[username=arnold.schwarzenegger, firstName=Arnold, lastName=Schwarzenegger, isActive=null, trainingDate=2025-07-27, trainingDuration=120, actionType=ADD]  to workload service with ID: cd807a8d-d2c6-47eb-9bb8-9c2dfd903227
22:30:23.040 [c445ee2f-5efb-4a64-ad99-c739e219ca15] INFO  c.g.c.c.i.w.c.MessageSender - Sending message with request: WorkloadEventRequest[username=arnold.schwarzenegger, firstName=Arnold, lastName=Schwarzenegger, isActive=null, trainingDate=2025-07-27, trainingDuration=120, actionType=ADD]  to workload service with ID: 3fab9717-29f2-4d1f-971e-6bf914cc09fe
22:30:24.121 [c40ef128-9edc-43e1-ae6e-5e5f9e526503] INFO  c.g.c.c.i.w.c.MessageSender - Sending message with request: WorkloadEventRequest[username=arnold.schwarzenegger, firstName=Arnold, lastName=Schwarzenegger, isActive=null, trainingDate=2025-07-27, trainingDuration=120, actionType=ADD]  to workload service with ID: 13c2eddc-b99a-4cba-b6d9-932c215292c6
22:30:25.099 [797828b5-73e3-4343-8aad-df0bba6be3f7] INFO  c.g.c.c.i.w.c.MessageSender - Sending message with request: WorkloadEventRequest[username=arnold.schwarzenegger, firstName=Arnold, lastName=Schwarzenegger, isActive=null, trainingDate=2025-07-27, trainingDuration=120, actionType=ADD]  to workload service with ID: 900b6ecf-a361-496a-8b26-1865e95d3258
22:30:26.093 [7c9f23c2-dc7e-4ca1-87be-6c968a7eb89f] INFO  c.g.c.c.i.w.c.MessageSender - Sending message with request: WorkloadEventRequest[username=arnold.schwarzenegger, firstName=Arnold, lastName=Schwarzenegger, isActive=null, trainingDate=2025-07-27, trainingDuration=120, actionType=ADD]  to workload service with ID: e52a4f5f-d105-4dd0-804a-31ee666aa4db
22:30:27.123 [2add63aa-bc9a-4100-9dee-6b7537b6974b] INFO  c.g.c.c.i.w.c.MessageSender - Sending message with request: WorkloadEventRequest[username=arnold.schwarzenegger, firstName=Arnold, lastName=Schwarzenegger, isActive=null, trainingDate=2025-07-27, trainingDuration=120, actionType=ADD]  to workload service with ID: 7dca36e1-d77e-44ae-b5c5-f9a727d7cf10
22:33:13.214 [7796944f-4baa-45e9-8f86-ec618eb6fec7] INFO  c.g.c.c.i.w.c.MessageSender - Sending message with request: WorkloadEventRequest[username=arnold.schwarzenegger, firstName=Arnold, lastName=Schwarzenegger, isActive=null, trainingDate=2025-07-27, trainingDuration=120, actionType=ADD]  to workload service with ID: f8e8654c-9c3e-4232-8f74-83e10578c866
22:37:27.442 [804a1d4d-6e63-4363-a5d8-4cf9c3cfae43] INFO  c.g.c.c.i.w.c.MessageSender - Sending message with request: WorkloadEventRequest[username=arnold.schwarzenegger, firstName=Arnold, lastName=Schwarzenegger, isActive=null, trainingDate=2025-07-27, trainingDuration=120, actionType=ADD]  to workload service with ID: 772b4c7d-1bc5-445e-93b1-24f4f88f88f5
22:40:09.097 [605a5457-d84b-4baa-bf01-1134ed954bd1] INFO  c.g.c.c.i.w.c.MessageSender - Sending message with request: WorkloadEventRequest[username=arnold.schwarzenegger, firstName=Arnold, lastName=Schwarzenegger, isActive=null, trainingDate=2025-07-27, trainingDuration=120, actionType=ADD]  to workload service with ID: b9b86602-db05-4c09-866f-03ba5c3f7e9b
22:47:16.052 [78ff12ce-c8ea-4d76-9648-aa4038e6f34b] INFO  c.g.c.c.i.w.c.MessageSender - Sending message with request: WorkloadEventRequest[username=arnold.schwarzenegger, firstName=Arnold, lastName=Schwarzenegger, isActive=null, trainingDate=2025-07-27, trainingDuration=120, actionType=ADD]  to workload service with ID: 0abf5206-a270-462b-9c09-956b9abaced9
22:54:52.956 [88df35c0-d20b-4543-8c3f-f76d7a6704bb] INFO  c.g.c.c.i.w.c.MessageSender - Sending message with request: WorkloadEventRequest[username=arnold.schwarzenegger, firstName=Arnold, lastName=Schwarzenegger, isActive=null, trainingDate=2025-07-27, trainingDuration=120, actionType=ADD]  to workload service with ID: fe91b68c-2053-4811-9e93-8863463d1b66
23:00:21.216 [5516761f-a6fa-4d01-8522-e2a088f7e92c] INFO  c.g.c.c.i.w.c.MessageSender - Sending message with request: WorkloadEventRequest[username=arnold.schwarzenegger, firstName=Arnold, lastName=Schwarzenegger, isActive=null, trainingDate=2025-07-27, trainingDuration=120, actionType=ADD]  to workload service with ID: 010ca06e-a0c8-4db1-ab44-0a6a64e8c8f6
12:02:35.048 [f8495dc7-5d9c-4a37-a439-6211727704a8] INFO  c.g.c.c.i.w.c.MessageSender - Sending message with request: WorkloadEventRequest[username=arnold.schwarzenegger, firstName=Arnold, lastName=Schwarzenegger, isActive=true, trainingDate=2025-07-27, trainingDuration=120, actionType=ADD]  to workload service with ID: 2a4d3831-8ace-4f17-877c-7e877c342e95
12:02:58.650 [206adfbb-b6fe-4360-81d9-57eebc9ef19d] INFO  c.g.c.c.i.w.c.MessageSender - Sending message with request: WorkloadEventRequest[username=arnold.schwarzenegger, firstName=Arnold, lastName=Schwarzenegger, isActive=true, trainingDate=2025-07-27, trainingDuration=120, actionType=ADD]  to workload service with ID: d8754bd0-2b84-4ffb-a463-c9704fe5c78c
12:03:00.706 [3d04b270-d300-49d0-a3f7-79d95bb2c1dd] INFO  c.g.c.c.i.w.c.MessageSender - Sending message with request: WorkloadEventRequest[username=arnold.schwarzenegger, firstName=Arnold, lastName=Schwarzenegger, isActive=true, trainingDate=2025-07-27, trainingDuration=120, actionType=ADD]  to workload service with ID: 974b724a-83d2-4558-8655-cb66468f0198
12:07:57.540 [77db9e01-35b4-4775-9d7d-0ca0378c24d4] INFO  c.g.c.c.i.w.c.MessageSender - Sending message with request: WorkloadEventRequest[username=arnold.schwarzenegger, firstName=Arnold, lastName=Schwarzenegger, isActive=true, trainingDate=2025-07-27, trainingDuration=120, actionType=ADD]  to workload service with ID: 1bbcef45-3016-4035-8d14-0649129d6afc
12:08:00.077 [10a91fb7-6662-49f1-b36b-906b27e2f06d] INFO  c.g.c.c.i.w.c.MessageSender - Sending message with request: WorkloadEventRequest[username=arnold.schwarzenegger, firstName=Arnold, lastName=Schwarzenegger, isActive=true, trainingDate=2025-07-27, trainingDuration=120, actionType=ADD]  to workload service with ID: d65cdaae-d522-4c92-8509-3da5a869eadc
12:10:25.653 [c6e9441f-f0ab-456e-8e3d-a5bd6b1ce049] INFO  c.g.c.c.i.w.c.MessageSender - Sending message with request: WorkloadEventRequest[username=arnold.schwarzenegger, firstName=Arnold, lastName=Schwarzenegger, isActive=true, trainingDate=2025-07-27, trainingDuration=120, actionType=ADD]  to workload service with ID: a177276c-1dc5-43e0-a96f-4f2597c61314
12:11:15.846 [dd2bb1b2-8977-4ebe-9880-56059906965f] INFO  c.g.c.c.i.w.c.MessageSender - Sending message with request: WorkloadEventRequest[username=arnold.schwarzenegger, firstName=Arnold, lastName=Schwarzenegger, isActive=true, trainingDate=2025-07-27, trainingDuration=120, actionType=ADD]  to workload service with ID: 75baaaf8-ca67-400b-a384-5781dacc8e4d
12:13:33.479 [1c300f53-881b-44c8-9d1c-534ddc87ee44] INFO  c.g.c.c.i.w.c.MessageSender - Sending message with request: WorkloadEventRequest[username=arnold.schwarzenegger, firstName=Arnold, lastName=Schwarzenegger, isActive=true, trainingDate=2025-07-27, trainingDuration=120, actionType=ADD]  to workload service with ID: 5c5d7099-81d6-4af4-a960-35d3dc6dbcd8
12:18:20.681 [7c4b6345-1133-40fc-95df-e42c51471ca5] INFO  c.g.c.c.i.w.c.MessageSender - Sending message with request: WorkloadEventRequest[username=arnold.schwarzenegger, firstName=Arnold, lastName=Schwarzenegger, isActive=true, trainingDate=2025-07-27, trainingDuration=120, actionType=ADD]  to workload service with ID: afc3cfd0-3ba2-4449-a17c-5ae6f6f604b4
11:56:49.820 [fb1f2f65-00b9-462c-8f3f-cb9c5be1b7c7] INFO  c.g.c.c.i.w.c.MessageSender - Sending message with request: WorkloadEventRequest[username=arnold.schwarzenegger, firstName=Arnold, lastName=Schwarzenegger, isActive=true, trainingDate=2025-07-27, trainingDuration=120, actionType=ADD]  to workload service with ID: 8a749b5e-31c2-4347-aecd-53befed81141
11:57:04.390 [e59251e6-f62b-4aff-8941-c1c5378f0e4d] INFO  c.g.c.c.i.w.c.MessageSender - Sending message with request: WorkloadEventRequest[username=arnold.schwarzenegger, firstName=Arnold, lastName=Schwarzenegger, isActive=true, trainingDate=2025-07-27, trainingDuration=120, actionType=ADD]  to workload service with ID: 0023e281-d08a-4c93-87e4-f802a9bae40e
11:58:06.695 [4c6e991a-82ff-4085-8130-55a513be9619] INFO  c.g.c.c.i.w.c.MessageSender - Sending message with request: WorkloadEventRequest[username=arnold.schwarzenegger, firstName=Arnold, lastName=Schwarzenegger, isActive=true, trainingDate=2025-07-27, trainingDuration=120, actionType=ADD]  to workload service with ID: 8e3c6aed-b6f1-46be-b4ab-e59f302e731c
12:00:19.610 [c4b2a9e4-46c1-4804-b6e9-2ba9d3cfe7ed] INFO  c.g.c.c.i.w.c.MessageSender - Sending message with request: WorkloadEventRequest[username=arnold.schwarzenegger, firstName=Arnold, lastName=Schwarzenegger, isActive=true, trainingDate=2025-07-27, trainingDuration=120, actionType=ADD]  to workload service with ID: bdded524-2465-45c1-84da-9916796099d2
12:00:21.509 [dead5490-1a54-45e4-980d-4ca6e3c520a6] INFO  c.g.c.c.i.w.c.MessageSender - Sending message with request: WorkloadEventRequest[username=arnold.schwarzenegger, firstName=Arnold, lastName=Schwarzenegger, isActive=true, trainingDate=2025-07-27, trainingDuration=120, actionType=ADD]  to workload service with ID: 82821633-0401-41d7-897b-a7e196af5ea2
12:00:33.469 [e6496fad-3131-46ce-bd61-b2874a860d72] INFO  c.g.c.c.i.w.c.MessageSender - Sending message with request: WorkloadEventRequest[username=arnold.schwarzenegger, firstName=Arnold, lastName=Schwarzenegger, isActive=true, trainingDate=2025-07-27, trainingDuration=120, actionType=ADD]  to workload service with ID: 385a4e89-76fc-4095-99f6-f366de599be6
12:06:46.802 [d9c09efb-933d-48d2-89a1-fbc94c70dee7] INFO  c.g.c.c.i.w.c.MessageSender - Sending message with request: WorkloadEventRequest[username=arnold.schwarzenegger, firstName=Arnold, lastName=Schwarzenegger, isActive=true, trainingDate=2025-07-27, trainingDuration=120, actionType=ADD]  to workload service with ID: eac84dfa-f456-4ced-9265-6313329da268
12:07:02.657 [be7e6a70-5477-4d9a-a2d4-c0b598e9c32d] INFO  c.g.c.c.i.w.c.MessageSender - Sending message with request: WorkloadEventRequest[username=arnold.schwarzenegger, firstName=Arnold, lastName=Schwarzenegger, isActive=true, trainingDate=2025-07-27, trainingDuration=120, actionType=ADD]  to workload service with ID: 6a86a3f0-be4d-4c3b-8573-1b54ced76310
12:16:19.016 [5d5c21d0-fa4e-4d93-a625-11f5c2f04b10] INFO  c.g.c.c.i.w.c.MessageSender - Sending message with request: WorkloadEventRequest[username=arnold.schwarzenegger, firstName=Arnold, lastName=Schwarzenegger, isActive=true, trainingDate=2025-07-27, trainingDuration=120, actionType=ADD]  to workload service with ID: 1c91920e-ca69-409a-acf3-d11ffa40dac6
12:16:19.057 [] INFO  c.g.c.c.i.w.c.MessageListener - Received workload ack: WorkloadEventResponse[correlationId=null, status=SUCCESS]
12:16:19.057 [] WARN  c.g.c.c.i.w.c.MessageListener - Received null or invalid workload response
12:16:57.536 [9d505b18-c0c2-4a27-8614-c4db2623d76a] INFO  c.g.c.c.i.w.c.MessageSender - Sending message with request: WorkloadEventRequest[username=arnold.schwarzenegger, firstName=Arnold, lastName=Schwarzenegger, isActive=true, trainingDate=2025-07-27, trainingDuration=120, actionType=ADD]  to workload service with ID: 5bb619a5-84c0-46e4-bacb-5f574841129a
12:16:57.551 [] INFO  c.g.c.c.i.w.c.MessageListener - Received workload ack: WorkloadEventResponse[correlationId=null, status=SUCCESS]
12:16:57.551 [] WARN  c.g.c.c.i.w.c.MessageListener - Received null or invalid workload response
12:17:23.915 [7eedcd3c-bc17-4d49-a188-ea8e1f55c600] INFO  c.g.c.c.i.w.c.MessageSender - Sending message with request: WorkloadEventRequest[username=arnold.schwarzenegger, firstName=Arnold, lastName=Schwarzenegger, isActive=true, trainingDate=2025-07-27, trainingDuration=120, actionType=ADD]  to workload service with ID: 533e1bc4-8885-42b2-9135-834f454486ad
12:17:23.928 [] INFO  c.g.c.c.i.w.c.MessageListener - Received workload ack: WorkloadEventResponse[correlationId=null, status=SUCCESS]
12:17:23.928 [] WARN  c.g.c.c.i.w.c.MessageListener - Received null or invalid workload response
12:18:35.807 [dfad81bb-72ec-4492-b898-db3cc732a254] INFO  c.g.c.c.i.w.c.MessageSender - Sending message with request: WorkloadEventRequest[username=arnold.schwarzenegger, firstName=Arnold, lastName=Schwarzenegger, isActive=true, trainingDate=2025-07-27, trainingDuration=120, actionType=ADD]  to workload service with ID: bd8e1b18-7ef9-468c-bc26-b691327a5540
12:18:35.820 [] INFO  c.g.c.c.i.w.c.MessageListener - Received workload ack: WorkloadEventResponse[correlationId=null, status=SUCCESS]
12:18:35.820 [] WARN  c.g.c.c.i.w.c.MessageListener - Received null or invalid workload response
12:21:10.101 [49f59c52-20f3-4433-9818-1ee4a1d59269] INFO  c.g.c.c.i.w.c.MessageSender - Sending message with request: WorkloadEventRequest[username=arnold.schwarzenegger, firstName=Arnold, lastName=Schwarzenegger, isActive=true, trainingDate=2025-07-27, trainingDuration=120, actionType=ADD]  to workload service with ID: f9541bab-87fd-4393-939d-d88c0b5ef067
12:21:10.115 [] INFO  c.g.c.c.i.w.c.MessageListener - Received workload ack: WorkloadEventResponse[correlationId=null, status=SUCCESS]
12:21:10.115 [] WARN  c.g.c.c.i.w.c.MessageListener - Received null or invalid workload response
12:24:18.963 [0ce6c8e0-ef62-4ccd-ac30-dfa5ce973228] INFO  c.g.c.c.i.w.c.MessageSender - Sending message with request: WorkloadEventRequest[username=arnold.schwarzenegger, firstName=Arnold, lastName=Schwarzenegger, isActive=true, trainingDate=2025-07-27, trainingDuration=120, actionType=ADD]  to workload service with ID: ff6188aa-ad05-498d-ad18-b8998b817c46
12:24:19.059 [] INFO  c.g.c.c.i.w.c.MessageListener - Received workload ack: WorkloadEventResponse[correlationId=null, status=SUCCESS]
12:24:19.059 [] WARN  c.g.c.c.i.w.c.MessageListener - Received null or invalid workload response
12:24:37.028 [e9594549-d43b-4b47-bc57-69abd713d7d1] INFO  c.g.c.c.i.w.c.MessageSender - Sending message with request: WorkloadEventRequest[username=arnold.schwarzenegger, firstName=Arnold, lastName=Schwarzenegger, isActive=true, trainingDate=2025-07-27, trainingDuration=120, actionType=ADD]  to workload service with ID: 63c6e3f4-6cff-4de0-acf9-e74390385ee3
12:24:37.046 [] INFO  c.g.c.c.i.w.c.MessageListener - Received workload ack: WorkloadEventResponse[correlationId=null, status=SUCCESS]
12:24:37.046 [] WARN  c.g.c.c.i.w.c.MessageListener - Received null or invalid workload response
12:27:55.697 [23b401d1-6bf6-47d8-90d5-e491f13023c6] INFO  c.g.c.c.i.w.c.MessageSender - Sending message with request: WorkloadEventRequest[username=arnold.schwarzenegger, firstName=Arnold, lastName=Schwarzenegger, isActive=true, trainingDate=2025-07-27, trainingDuration=120, actionType=ADD]  to workload service with ID: 5cc9d1d1-beeb-4168-befc-d2bbe50d460b
12:27:55.806 [] INFO  c.g.c.c.i.w.c.MessageListener - Received workload ack: WorkloadEventResponse[correlationId=5cc9d1d1-beeb-4168-befc-d2bbe50d460b, status=SUCCESS]
12:28:22.542 [878fee02-f70b-48b7-99ff-f95856f66205] INFO  c.g.c.c.i.w.c.MessageSender - Sending message with request: WorkloadEventRequest[username=arnold.schwarzenegger, firstName=Arnold, lastName=Schwarzenegger, isActive=true, trainingDate=2025-07-27, trainingDuration=120, actionType=ADD]  to workload service with ID: 8f8321c0-8a11-46f0-8bd1-c712e092055b
12:28:22.553 [] INFO  c.g.c.c.i.w.c.MessageListener - Received workload ack: WorkloadEventResponse[correlationId=8f8321c0-8a11-46f0-8bd1-c712e092055b, status=SUCCESS]
12:28:51.696 [31142e3f-9cec-4d8d-98a7-59064ce3d804] INFO  c.g.c.c.i.w.c.MessageSender - Sending message with request: WorkloadEventRequest[username=arnold.schwarzenegger, firstName=Arnold, lastName=Schwarzenegger, isActive=true, trainingDate=2025-07-27, trainingDuration=120, actionType=ADD]  to workload service with ID: 282a01d8-4797-45b9-8267-dc83ad13f100
12:28:51.709 [] INFO  c.g.c.c.i.w.c.MessageListener - Received workload ack: WorkloadEventResponse[correlationId=282a01d8-4797-45b9-8267-dc83ad13f100, status=SUCCESS]
12:32:26.206 [852a20bb-d355-4c98-a6a7-c2096af27d16] INFO  c.g.c.c.i.w.c.MessageSender - Sending message with request: WorkloadEventRequest[username=arnold.schwarzenegger, firstName=Arnold, lastName=Schwarzenegger, isActive=true, trainingDate=2025-07-27, trainingDuration=120, actionType=ADD]  to workload service with ID: 527c1747-0948-4685-8ffa-34644ef77a55
12:32:26.243 [] INFO  c.g.c.c.i.w.c.MessageListener - Received workload ack: WorkloadEventResponse[correlationId=527c1747-0948-4685-8ffa-34644ef77a55, status=SUCCESS]
12:34:27.866 [a668b69c-8167-46b6-a993-22dc125a1034] INFO  c.g.c.c.i.w.c.MessageSender - Sending message with request: WorkloadEventRequest[username=arnold.schwarzenegger, firstName=Arnold, lastName=Schwarzenegger, isActive=true, trainingDate=2025-07-27, trainingDuration=120, actionType=ADD]  to workload service with ID: 22b06eb7-eb3e-45ce-b35e-5469352b3a7c
12:34:27.879 [] INFO  c.g.c.c.i.w.c.MessageListener - Received workload ack: WorkloadEventResponse[correlationId=22b06eb7-eb3e-45ce-b35e-5469352b3a7c, status=SUCCESS]
12:34:54.971 [c148e46c-c96b-4a65-ba9a-b613cbcf48cb] INFO  c.g.c.c.i.w.c.MessageSender - Sending message with request: WorkloadEventRequest[username=arnold.schwarzenegger, firstName=Arnold, lastName=Schwarzenegger, isActive=true, trainingDate=2025-07-27, trainingDuration=120, actionType=ADD]  to workload service with ID: b5ba69c4-c393-48b9-b415-5fccccb0d0e2
12:34:54.982 [] INFO  c.g.c.c.i.w.c.MessageListener - Received workload ack: WorkloadEventResponse[correlationId=b5ba69c4-c393-48b9-b415-5fccccb0d0e2, status=SUCCESS]
12:37:11.832 [0a589477-2737-4dbd-8692-abcab68b4848] INFO  c.g.c.c.i.w.c.MessageSender - Sending message with request: WorkloadEventRequest[username=arnold.schwarzenegger, firstName=Arnold, lastName=Schwarzenegger, isActive=true, trainingDate=2025-07-27, trainingDuration=120, actionType=ADD]  to workload service with ID: 08f32506-4c79-40fd-a822-29ac41ed4d56
12:37:11.869 [] INFO  c.g.c.c.i.w.c.MessageListener - Received workload ack: WorkloadEventResponse[correlationId=08f32506-4c79-40fd-a822-29ac41ed4d56, status=SUCCESS]
12:37:29.525 [1bb2c4a2-34ee-49b1-81bd-3fe19a0ac5bc] INFO  c.g.c.c.i.w.c.MessageSender - Sending message with request: WorkloadEventRequest[username=arnold.schwarzenegger, firstName=Arnold, lastName=Schwarzenegger, isActive=true, trainingDate=2025-07-27, trainingDuration=120, actionType=ADD]  to workload service with ID: 9f150873-8ee7-42f5-87e8-455c56a8464e
12:37:29.536 [] INFO  c.g.c.c.i.w.c.MessageListener - Received workload ack: WorkloadEventResponse[correlationId=9f150873-8ee7-42f5-87e8-455c56a8464e, status=SUCCESS]
12:37:33.903 [c91cc736-d77b-4e0d-8647-b19511ec01b8] INFO  c.g.c.c.i.w.c.MessageSender - Sending message with request: WorkloadEventRequest[username=arnold.schwarzenegger, firstName=Arnold, lastName=Schwarzenegger, isActive=true, trainingDate=2025-07-27, trainingDuration=120, actionType=ADD]  to workload service with ID: 71343919-2a0c-474d-8027-8b361cbc30ab
12:37:33.914 [] INFO  c.g.c.c.i.w.c.MessageListener - Received workload ack: WorkloadEventResponse[correlationId=71343919-2a0c-474d-8027-8b361cbc30ab, status=SUCCESS]
12:39:05.609 [e9debf79-ab0d-45a7-8019-28d4c5e649eb] INFO  c.g.c.c.i.w.c.MessageSender - Sending message with request: WorkloadEventRequest[username=arnold.schwarzenegger, firstName=Arnold, lastName=Schwarzenegger, isActive=true, trainingDate=2025-07-27, trainingDuration=120, actionType=ADD]  to workload service with ID: f277b2f8-424f-47b6-a25f-bfca7a15d239
12:39:05.650 [] INFO  c.g.c.c.i.w.c.MessageListener - Received workload ack: WorkloadEventResponse[correlationId=f277b2f8-424f-47b6-a25f-bfca7a15d239, status=SUCCESS]
12:43:40.544 [bdb86056-20cf-4b94-b711-38d1e22aeb0b] INFO  c.g.c.c.i.w.c.MessageSender - Sending message with request: WorkloadEventRequest[username=arnold.schwarzenegger, firstName=Arnold, lastName=Schwarzenegger, isActive=true, trainingDate=2025-07-27, trainingDuration=120, actionType=ADD]  to workload service with ID: 7230ea41-a926-487b-88b1-eeea6c2cf530
12:43:40.582 [] INFO  c.g.c.c.i.w.c.MessageListener - Received workload ack: WorkloadEventResponse[correlationId=7230ea41-a926-487b-88b1-eeea6c2cf530, status=SUCCESS]
12:44:30.863 [a337be3a-364e-408c-8ae0-b5b44c3d5e0e] INFO  c.g.c.c.i.w.c.MessageSender - Sending message with request: WorkloadEventRequest[username=arnold.schwarzenegger, firstName=Arnold, lastName=Schwarzenegger, isActive=true, trainingDate=2025-07-27, trainingDuration=120, actionType=ADD]  to workload service with ID: b40cd099-7427-40f0-9fd6-abd729ce1b22
12:44:30.904 [] INFO  c.g.c.c.i.w.c.MessageListener - Received workload ack: WorkloadEventResponse[correlationId=b40cd099-7427-40f0-9fd6-abd729ce1b22, status=SUCCESS]
12:49:21.921 [f2f1ff13-7ac5-40c6-b94f-2113dec97996] INFO  c.g.c.c.i.w.c.MessageSender - Sending message with request: WorkloadEventRequest[username=arnold.schwarzenegger, firstName=Arnold, lastName=Schwarzenegger, isActive=true, trainingDate=2025-07-27, trainingDuration=120, actionType=ADD]  to workload service with ID: d420aa4f-bcf3-448c-9619-1b3e40553c9b
12:49:21.937 [] INFO  c.g.c.c.i.w.c.MessageListener - Received workload ack: WorkloadEventResponse[correlationId=d420aa4f-bcf3-448c-9619-1b3e40553c9b, status=SUCCESS]
13:02:29.725 [5ad606e4-8270-4313-8c61-89fe9e0e7eca] INFO  c.g.c.c.i.w.c.MessageSender - Sending message with request: WorkloadEventRequest[username=arnold.schwarzenegger, firstName=Arnold, lastName=Schwarzenegger, isActive=true, trainingDate=2025-07-27, trainingDuration=120, actionType=ADD]  to workload service with ID: fc5ccd20-79fb-4513-b830-78b81145d93e
13:02:29.762 [] INFO  c.g.c.c.i.w.c.MessageListener - Received workload ack: WorkloadEventResponse[correlationId=fc5ccd20-79fb-4513-b830-78b81145d93e, status=SUCCESS]
13:02:29.814 [] INFO  c.g.c.c.i.w.c.MessageListener - Training persisted after workload ack, training name - Yoga, date - 2025-07-27
13:03:01.194 [31c29fc8-4b94-46cf-89b1-928e38ff8fb0] INFO  c.g.c.c.i.w.c.MessageSender - Sending message with request: WorkloadEventRequest[username=arnold.schwarzenegger, firstName=Arnold, lastName=Schwarzenegger, isActive=true, trainingDate=2025-07-27, trainingDuration=120, actionType=ADD]  to workload service with ID: 7ce414e9-9571-44c5-9d23-8f904343ec82
13:03:01.205 [] INFO  c.g.c.c.i.w.c.MessageListener - Received workload ack: WorkloadEventResponse[correlationId=7ce414e9-9571-44c5-9d23-8f904343ec82, status=SUCCESS]
13:03:01.216 [] INFO  c.g.c.c.i.w.c.MessageListener - Training persisted after workload ack, training name - Cycling, date - 2025-07-27
13:03:10.676 [531b9283-6337-46e5-adcb-bc2f538fa27b] INFO  c.g.c.c.i.w.c.MessageSender - Sending message with request: WorkloadEventRequest[username=arnold.schwarzenegger, firstName=Arnold, lastName=Schwarzenegger, isActive=true, trainingDate=2025-07-27, trainingDuration=120, actionType=ADD]  to workload service with ID: bee114bb-65f8-4712-8e28-48e02b1735cf
13:03:10.689 [] INFO  c.g.c.c.i.w.c.MessageListener - Received workload ack: WorkloadEventResponse[correlationId=bee114bb-65f8-4712-8e28-48e02b1735cf, status=SUCCESS]
13:03:10.701 [] INFO  c.g.c.c.i.w.c.MessageListener - Training persisted after workload ack, training name - Cycling, date - 2025-07-27
13:03:11.390 [efbd24e5-02ce-4d4f-8870-01e87d09a35b] INFO  c.g.c.c.i.w.c.MessageSender - Sending message with request: WorkloadEventRequest[username=arnold.schwarzenegger, firstName=Arnold, lastName=Schwarzenegger, isActive=true, trainingDate=2025-07-27, trainingDuration=120, actionType=ADD]  to workload service with ID: 3e1f52eb-f59e-427b-b3e1-a5212b01fb37
13:03:11.404 [] INFO  c.g.c.c.i.w.c.MessageListener - Received workload ack: WorkloadEventResponse[correlationId=3e1f52eb-f59e-427b-b3e1-a5212b01fb37, status=SUCCESS]
13:03:11.414 [] INFO  c.g.c.c.i.w.c.MessageListener - Training persisted after workload ack, training name - Cycling, date - 2025-07-27
15:38:08.796 [7278605b-334c-4010-a006-862d7a6b9abc] INFO  c.g.c.c.i.w.c.MessageSender - Sending message with request: WorkloadEventRequest[username=arnold.schwarzenegger, firstName=Arnold, lastName=Schwarzenegger, isActive=true, trainingDate=2025-07-27, trainingDuration=120, actionType=ADD]  to workload service with ID: 69c09e02-d75d-4619-9d4b-06969ed45ed7
15:38:08.950 [] INFO  c.g.c.c.i.w.c.MessageListener - Received workload ack: WorkloadEventResponse[correlationId=69c09e02-d75d-4619-9d4b-06969ed45ed7, status=SUCCESS]
15:38:08.988 [] INFO  c.g.c.c.i.w.c.MessageListener - Training persisted after workload ack, training name - Cycling, date - 2025-07-27
15:38:23.113 [3d2ad8ab-beef-45ad-be5e-2c4c118ee34a] INFO  c.g.c.c.i.w.c.MessageSender - Sending message with request: WorkloadEventRequest[username=arnold.schwarzenegger, firstName=Arnold, lastName=Schwarzenegger, isActive=true, trainingDate=2025-07-27, trainingDuration=120, actionType=ADD]  to workload service with ID: dfd58096-2135-49e2-8b73-162785bd128e
15:38:23.134 [] INFO  c.g.c.c.i.w.c.MessageListener - Received workload ack: WorkloadEventResponse[correlationId=dfd58096-2135-49e2-8b73-162785bd128e, status=SUCCESS]
15:38:23.144 [] INFO  c.g.c.c.i.w.c.MessageListener - Training persisted after workload ack, training name - Cycling, date - 2025-07-27
15:38:24.343 [83a967d9-a559-4b4e-a267-888a8b16c0aa] INFO  c.g.c.c.i.w.c.MessageSender - Sending message with request: WorkloadEventRequest[username=arnold.schwarzenegger, firstName=Arnold, lastName=Schwarzenegger, isActive=true, trainingDate=2025-07-27, trainingDuration=120, actionType=ADD]  to workload service with ID: ab4b8ee1-e215-4965-a78d-9a816ec82a58
15:38:24.356 [] INFO  c.g.c.c.i.w.c.MessageListener - Received workload ack: WorkloadEventResponse[correlationId=ab4b8ee1-e215-4965-a78d-9a816ec82a58, status=SUCCESS]
15:38:24.366 [] INFO  c.g.c.c.i.w.c.MessageListener - Training persisted after workload ack, training name - Cycling, date - 2025-07-27
